src/renderer/src/components/editor/transforms.ts(28,20): error TS1005: ';' expected.
src/renderer/src/components/editor/transforms.ts(29,5): error TS1128: Declaration or statement expected.
src/renderer/src/components/editor/transforms.ts(29,6): error TS1128: Declaration or statement expected.
src/renderer/src/components/editor/transforms.ts(29,7): error TS1128: Declaration or statement expected.
src/renderer/src/components/editor/transforms.ts(31,3): error TS1128: Declaration or statement expected.
src/renderer/src/components/editor/transforms.ts(32,1): error TS1128: Declaration or statement expected.
src/renderer/src/lib/fluss/client.ts(11,1): error TS1128: Declaration or statement expected.
src/renderer/src/lib/kraph/client.ts(11,1): error TS1128: Declaration or statement expected.
src/renderer/src/lib/lovekit/client.ts(11,1): error TS1128: Declaration or statement expected.
src/renderer/src/lib/mikro/client.ts(11,1): error TS1128: Declaration or statement expected.
src/renderer/src/lib/omero-ark/client.ts(11,1): error TS1128: Declaration or statement expected.
